/mnt/data/home/natyke582/Deep_Learning_2/venvs/vlm-env/lib64/python3.9/site-packages/transformers/utils/hub.py:110: FutureWarning: Using `TRANSFORMERS_CACHE` is deprecated and will be removed in v5 of Transformers. Use `HF_HOME` instead.
  warnings.warn(
Loading checkpoint shards:   0%|          | 0/17 [00:00<?, ?it/s]Loading checkpoint shards:   6%|▌         | 1/17 [00:40<10:54, 40.90s/it]Loading checkpoint shards:  12%|█▏        | 2/17 [01:22<10:22, 41.49s/it]Loading checkpoint shards:  18%|█▊        | 3/17 [01:31<06:09, 26.37s/it]Loading checkpoint shards:  24%|██▎       | 4/17 [02:24<08:01, 37.07s/it]Loading checkpoint shards:  29%|██▉       | 5/17 [03:22<08:53, 44.46s/it]Loading checkpoint shards:  35%|███▌      | 6/17 [04:13<08:34, 46.73s/it]Loading checkpoint shards:  41%|████      | 7/17 [05:00<07:48, 46.86s/it]Loading checkpoint shards:  47%|████▋     | 8/17 [05:53<07:20, 48.92s/it]Loading checkpoint shards:  53%|█████▎    | 9/17 [06:45<06:37, 49.68s/it]Loading checkpoint shards:  59%|█████▉    | 10/17 [07:24<05:26, 46.62s/it]Loading checkpoint shards:  65%|██████▍   | 11/17 [08:13<04:43, 47.28s/it]Loading checkpoint shards:  71%|███████   | 12/17 [08:51<03:41, 44.32s/it]Loading checkpoint shards:  76%|███████▋  | 13/17 [09:57<03:23, 50.90s/it]Loading checkpoint shards:  82%|████████▏ | 14/17 [10:41<02:26, 48.80s/it]Loading checkpoint shards:  88%|████████▊ | 15/17 [11:24<01:34, 47.19s/it]Loading checkpoint shards:  94%|█████████▍| 16/17 [12:01<00:44, 44.13s/it]Loading checkpoint shards: 100%|██████████| 17/17 [12:08<00:00, 32.95s/it]Loading checkpoint shards: 100%|██████████| 17/17 [12:08<00:00, 42.86s/it]
Some parameters are on the meta device because they were offloaded to the cpu.
Setting `pad_token_id` to `eos_token_id`:128001 for open-end generation.
Setting `pad_token_id` to `eos_token_id`:128001 for open-end generation.
Setting `pad_token_id` to `eos_token_id`:128001 for open-end generation.
Setting `pad_token_id` to `eos_token_id`:128001 for open-end generation.
Setting `pad_token_id` to `eos_token_id`:128001 for open-end generation.
Setting `pad_token_id` to `eos_token_id`:128001 for open-end generation.
Setting `pad_token_id` to `eos_token_id`:128001 for open-end generation.
Setting `pad_token_id` to `eos_token_id`:128001 for open-end generation.
Setting `pad_token_id` to `eos_token_id`:128001 for open-end generation.
Setting `pad_token_id` to `eos_token_id`:128001 for open-end generation.
Setting `pad_token_id` to `eos_token_id`:128001 for open-end generation.
Setting `pad_token_id` to `eos_token_id`:128001 for open-end generation.
Setting `pad_token_id` to `eos_token_id`:128001 for open-end generation.
Setting `pad_token_id` to `eos_token_id`:128001 for open-end generation.
Setting `pad_token_id` to `eos_token_id`:128001 for open-end generation.
Setting `pad_token_id` to `eos_token_id`:128001 for open-end generation.
Setting `pad_token_id` to `eos_token_id`:128001 for open-end generation.
Setting `pad_token_id` to `eos_token_id`:128001 for open-end generation.
Setting `pad_token_id` to `eos_token_id`:128001 for open-end generation.
Setting `pad_token_id` to `eos_token_id`:128001 for open-end generation.
Setting `pad_token_id` to `eos_token_id`:128001 for open-end generation.
Setting `pad_token_id` to `eos_token_id`:128001 for open-end generation.
Setting `pad_token_id` to `eos_token_id`:128001 for open-end generation.
Setting `pad_token_id` to `eos_token_id`:128001 for open-end generation.
Setting `pad_token_id` to `eos_token_id`:128001 for open-end generation.
Setting `pad_token_id` to `eos_token_id`:128001 for open-end generation.
Setting `pad_token_id` to `eos_token_id`:128001 for open-end generation.
Setting `pad_token_id` to `eos_token_id`:128001 for open-end generation.
Setting `pad_token_id` to `eos_token_id`:128001 for open-end generation.
Setting `pad_token_id` to `eos_token_id`:128001 for open-end generation.
Setting `pad_token_id` to `eos_token_id`:128001 for open-end generation.
Setting `pad_token_id` to `eos_token_id`:128001 for open-end generation.
Setting `pad_token_id` to `eos_token_id`:128001 for open-end generation.
Setting `pad_token_id` to `eos_token_id`:128001 for open-end generation.
Setting `pad_token_id` to `eos_token_id`:128001 for open-end generation.
Setting `pad_token_id` to `eos_token_id`:128001 for open-end generation.
Setting `pad_token_id` to `eos_token_id`:128001 for open-end generation.
Setting `pad_token_id` to `eos_token_id`:128001 for open-end generation.
Setting `pad_token_id` to `eos_token_id`:128001 for open-end generation.
Setting `pad_token_id` to `eos_token_id`:128001 for open-end generation.
Setting `pad_token_id` to `eos_token_id`:128001 for open-end generation.
Setting `pad_token_id` to `eos_token_id`:128001 for open-end generation.
Setting `pad_token_id` to `eos_token_id`:128001 for open-end generation.
Setting `pad_token_id` to `eos_token_id`:128001 for open-end generation.
Setting `pad_token_id` to `eos_token_id`:128001 for open-end generation.
Setting `pad_token_id` to `eos_token_id`:128001 for open-end generation.
Setting `pad_token_id` to `eos_token_id`:128001 for open-end generation.
Setting `pad_token_id` to `eos_token_id`:128001 for open-end generation.
Setting `pad_token_id` to `eos_token_id`:128001 for open-end generation.
Setting `pad_token_id` to `eos_token_id`:128001 for open-end generation.
Setting `pad_token_id` to `eos_token_id`:128001 for open-end generation.
slurmstepd: error: *** JOB 8423 ON gpu19 CANCELLED AT 2026-01-28T00:26:40 ***
